[fastdl] Starting browser for: https://www.instagram.com/reel/DblpWZ5TADo/?igsh=NjZiM2M3MzIxNA==
[fastdl] Starting for: https://www.instagram.com/reel/DblpWZ5TADo/?igsh=NjZiM2M3MzIxNA==
[fastdl] Starting for: https://www.instagram.com/reel/DYTlM6Vgnt5/?igsh=NTc4MTIwNjQ2YQ==
[fastdl] Starting for: https://www.instagram.com/reel/DYTlM6Vgnt5/?igsh=NTc4MTIwNjQ2YQ==
[fastdl] Starting for: https://www.instagram.com/reel/DYTlM6Vgnt5/?igsh=NTc4MTIwNjQ2YQ==
[fastdl] Starting for: https://www.instagram.com/reel/DYTlM6Vgnt5/?igsh=NTc4MTIwNjQ2YQ==
[fastdl] Starting for: https://www.instagram.com/reel/DYTlM6Vgnt5/?igsh=NTc4MTIwNjQ2YQ==
[fastdl] Starting for: https://www.instagram.com/reel/DYTlM6Vgnt5/?igsh=NTc4MTIwNjQ2YQ==
[fastdl] Starting for: https://www.instagram.com/reel/DYTlM6Vgnt5/?igsh=NTc4MTIwNjQ2YQ==
[fastdl] Starting for: https://www.instagram.com/reel/DYTlM6Vgnt5/?igsh=NTc4MTIwNjQ2YQ==
[fastdl] Starting for: https://www.instagram.com/reel/DYTlM6Vgnt5/?igsh=NTc4MTIwNjQ2YQ==
[fastdl] Starting for: https://instagram.com/p/DYTlM6Vgnt5/
[fastdl] Starting for: https://www.instagram.com/reel/DYTlM6Vgnt5/?igsh=NTc4MTIwNjQ2YQ==
[fastdl] Loading fastdl.app...
[fastdl]   200 https://fastdl.app/en2/instagram-reels-download
[fastdl]   200 https://static.cloudflareinsights.com/beacon.min.js/v4513226cdae34746b4dedf0b4dfa099e1781791509496
[fastdl] Page loaded. Submitting URL...
[fastdl]   200 https://www.googletagmanager.com/gtag/js?id=G-YV37DLSFKW
[fastdl]   200 https://fastdl.app/get_country_code
[fastdl] Submitted. Waiting...
[fastdl]   204 https://www.google-analytics.com/g/collect?v=2&tid=G-YV37DLSFKW&gtm=45je6841v9181054722za200zd9181054722&_p=178597933342
[fastdl]   200 https://googleads.g.doubleclick.net/pagead/html/r20260804/r20190131/zrt_lookup_fy2021.html
[fastdl] Starting for: https://www.instagram.com/reel/DYTlM6Vgnt5/?igsh=NTc4MTIwNjQ2YQ==
[fastdl]   200 https://googleads.g.doubleclick.net/pagead/ads?client=ca-pub-5892669229376806&output=html&h=280&slotname=9371188285&adk=
[fastdl]   200 https://googleads.g.doubleclick.net/pagead/ads?client=ca-pub-5892669229376806&output=html&h=280&slotname=6898079944&adk=
[fastdl]   200 https://googleads.g.doubleclick.net/pagead/ads?client=ca-pub-5892669229376806&output=html&h=280&slotname=9172889494&adk=
[fastdl]   200 https://googleads.g.doubleclick.net/pagead/ads?client=ca-pub-5892669229376806&output=html&h=280&slotname=4310433291&adk=
[fastdl]   200 https://googleads.g.doubleclick.net/pagead/ads?client=ca-pub-5892669229376806&output=html&adk=1812271804&adf=3025194257&
[fastdl]   204 https://www.google-analytics.com/g/collect?v=2&tid=G-YV37DLSFKW&gtm=45je6841v9181054722za200zd9181054722&_p=178597933342
[fastdl]   200 https://googleads.g.doubleclick.net/pagead/drt/s?v=r20120211
[fastdl]   200 https://googleads.g.doubleclick.net/pagead/adview?ai=CQkP2xuFzavbXNNfLvMcPntOkyQO9qs_Ndemi3NbEEsCNtwEQASCswu2gAWDJ3viGyK
[fastdl]   200 https://googleads.g.doubleclick.net/pagead/adview?ai=C2M5XxuFzapXeNfGwur8P7tmEuA_04b7iiAG64JmJ-BXVkfzCAxABIKzC7aABYMne-I
[fastdl]   200 https://googleads.g.doubleclick.net/btr/view?ai=C2M5XxuFzapXeNfGwur8P7tmEuA_04b7iiAG64JmJ-BXVkfzCAxABIKzC7aABYMne-IbIo-g
[fastdl]   204 https://g.rtbrain.app/rtimp?a=imp&cr=carmax2_ng__0&d=fastdl.app&gid=&im=SIofhA_DscZ1sOd1RxKPQ-11ECPu6xjvyTZSdZFvqWKEt8JI
[fastdl]   204 https://g.rtbrain.app/rtimp
[fastdl]   200 https://googleads.g.doubleclick.net/pagead/drt/s?v=r20120211
[fastdl]   204 https://pagead2.googlesyndication.com/pagead/ping?e=1
[fastdl]   200 https://googleads.g.doubleclick.net/pagead/adview?ai=Cy7fKxuFzasSxNYadkPIP15n00QHfipzsiAHvoLnu7hXfrsDdnQ4QASCswu2gAWDJ3v
[fastdl]   200 https://fonts.googleapis.com/css?family=Google%20Sans%3A400
[fastdl]   200 https://fonts.googleapis.com/css?family=Google%20Sans%3A700
[fastdl]   200 https://fonts.googleapis.com/css?family=Open%20Sans%3A400%2C500
[fastdl]   200 https://fonts.googleapis.com/css?family=Open%20Sans%3A400%2C700
[fastdl]   204 https://g.rtbrain.app/rtimp
[fastdl]   204 https://g.rtbrain.app/rtimp
[fastdl]   200 https://fonts.googleapis.com/css?family=Roboto%3A500
[fastdl]   200 https://fundingchoicesmessages.google.com/i/ca-pub-5892669229376806?href=https%3A%2F%2Ffastdl.app%2Fen2%2Finstagram-reel
[fastdl]   204 https://pagead2.googlesyndication.com/pagead/ping?e=1
[fastdl]   204 https://pagead2.googlesyndication.com/pagead/gen_204?id=av-js&type=fle-fetch-start2
[fastdl]   204 https://pagead2.googlesyndication.com/pagead/gen_204?id=av-js&type=colleague-executed&name=4
[fastdl]   204 https://pagead2.googlesyndication.com/pagead/gen_204?id=av-js&type=fle-fetch-start2
[fastdl]   204 https://pagead2.googlesyndication.com/pagead/gen_204?id=av-js&type=colleague-executed&name=4
[fastdl]   204 https://pagead2.googlesyndication.com/pagead/ping?e=1
[fastdl]   204 https://pagead2.googlesyndication.com/pagead/gen_204?id=av-js&type=fle-fetch-start2
[fastdl]   204 https://pagead2.googlesyndication.com/pagead/gen_204?id=av-js&type=colleague-executed&name=4
[fastdl]   200 https://www.googleadservices.com/pagead/managed/js/activeview/current/reach_worklet.html
[fastdl]   200 https://www.googleadservices.com/pagead/managed/js/activeview/current/reach_worklet.html
[fastdl]   200 https://www.googleadservices.com/pagead/managed/js/activeview/current/reach_worklet.html
[fastdl]   204 https://g.rtbrain.app/rtimp
[fastdl]   204 https://www.google-analytics.com/g/collect?v=2&tid=G-YV37DLSFKW&gtm=45je6841v9181054722za200zd9181054722&_p=178597933342
[fastdl]   200 https://googleads.g.doubleclick.net/pagead/html/r20260804/r20190131/zrt_lookup_fy2021.html
[fastdl]   200 https://googleads.g.doubleclick.net/pagead/html/r20260804/r20190131/zrt_lookup_fy2021.html
[fastdl]   200 https://www.google.com/pagead/drt/ui
[fastdl]   200 https://googleads.g.doubleclick.net/pagead/html/r20260804/r20190131/zrt_lookup_fy2021.html
[fastdl]   204 https://fundingchoicesmessages.google.com/el/AGSKWxUbOs5zD2co01g5yRsWyVeeziqQvO7pkQiT73l2zsDzCmibjOJf-1PRQRYx6ieu4-gLTUv
[fastdl]   204 https://pagead2.googlesyndication.com/pagead/ping?e=1
[fastdl]   200 https://googleads.g.doubleclick.net/pagead/html/r20260804/r20190131/zrt_lookup_fy2021.html
[fastdl]   204 https://fundingchoicesmessages.google.com/el/AGSKWxUbOs5zD2co01g5yRsWyVeeziqQvO7pkQiT73l2zsDzCmibjOJf-1PRQRYx6ieu4-gLTUv
[fastdl]   204 https://fundingchoicesmessages.google.com/el/AGSKWxUbOs5zD2co01g5yRsWyVeeziqQvO7pkQiT73l2zsDzCmibjOJf-1PRQRYx6ieu4-gLTUv
[fastdl]   204 https://pagead2.googlesyndication.com/pagead/gen_204?id=av-js&type=reach&proto=CAlgAWACYANgBGgD
[fastdl]   204 https://pagead2.googlesyndication.com/pagead/gen_204?id=av-js&type=colleague-executed&name=1
[fastdl]   204 https://fundingchoicesmessages.google.com/el/AGSKWxUbOs5zD2co01g5yRsWyVeeziqQvO7pkQiT73l2zsDzCmibjOJf-1PRQRYx6ieu4-gLTUv
[fastdl]   204 https://pagead2.googlesyndication.com/pagead/gen_204?id=av-js&type=colleague-executed&name=1
[fastdl]   200 https://www.googleadservices.com/.well-known/private-aggregation/report-shared-storage
[fastdl]   204 https://pagead2.googlesyndication.com/pagead/gen_204?id=av-js&type=reach&proto=CAlgAWACYANgBGgD
[fastdl]   200 https://www.googleadservices.com/.well-known/private-aggregation/report-shared-storage
[fastdl]   204 https://pagead2.googlesyndication.com/pagead/gen_204?id=av-js&type=reach&proto=CAESDk9wZXJhdGlvbkVycm9yGpgBc2hhcmVkU3Rvc
[fastdl]   200 https://www.googleadservices.com/.well-known/private-aggregation/report-shared-storage
[fastdl]   204 https://pagead2.googlesyndication.com/pagead/gen_204?id=av-js&type=reach&proto=CAESDk9wZXJhdGlvbkVycm9yGpgBc2hhcmVkU3Rvc
[fastdl]   200 https://fundingchoicesmessages.google.com/f/AGSKWxVIqw0EvIwO6IuIpsl1HjKDD-vrHan3ABVgIM1R9YaD33MXOzu7XURh8iPp_OpohMr1PK71
[fastdl]   200 https://www.google.com/pagead/drt/ui
[fastdl]   204 https://g.rtbrain.app/rtimp
[fastdl]   200 https://googleads.g.doubleclick.net/pagead/drt/s?v=r20120211
[fastdl]   204 https://pagead2.googlesyndication.com/pagead/ping?e=1
[fastdl]   200 https://pagead2.googlesyndication.com/pcs/activeview?xai=AKAOjstojesiyM-XTC9Rtvqk6_0Sj8N6vIqdHdOoLO6hy8ELDpJTWO07BQMAtZl
[fastdl]   204 https://g4.rtbrain.app/rtimp?sid=41fe0491-9135-11f1-8cdf-0692a3715412&d=fastdl.app&cr=carmax2_ng__0&gid=&im=SIofhA_DscZ1
[fastdl]   200 https://googleads.g.doubleclick.net/pagead/adview?ai=C_sHAxuFzasPHNfXokPIPme6k8A69qs_Ndemi3NbEEsCNtwEQASCswu2gAWDJ3viGyK
[fastdl]   200 https://www.googleadservices.com/.well-known/private-aggregation/report-shared-storage
[fastdl]   200 https://www.googleadservices.com/.well-known/private-aggregation/report-shared-storage
[fastdl]   200 https://www.googleadservices.com/.well-known/private-aggregation/report-shared-storage
[fastdl]   200 https://googleads.g.doubleclick.net/pagead/adview?ai=CPq-uxuFzasHHNfXokPIPme6k8A7lp-rjiAH8iNO-mBbX1qK9wAEQASCswu2gAWDJ3v
[fastdl]   204 https://pagead2.googlesyndication.com/pagead/gen_204?id=av-js&type=fle-fetch-start2
[fastdl]   204 https://g6.rtbrain.app/rtimp?sid=41fe0491-9135-11f1-8cdf-0692a3715412&d=fastdl.app&cr=carmax2_ng__0&gid=&im=SIofhA_DscZ1
[fastdl]   204 https://g.bidbrain.app/rtimp
[fastdl]   204 https://g.bidbrain.app/rtimp
[fastdl]   200 https://www.googletagservices.com/agrp/prod/model_person_country_code_US_person_region_code_43415f383235.json
[fastdl]   200 https://www.googletagservices.com/agrp/prod/model_person_country_code_US_person_region_code_43415f383235.json
[fastdl]   200 https://www.googleadservices.com/pagead/managed/js/activeview/current/reach_worklet.html
[fastdl]   204 https://pagead2.googlesyndication.com/pagead/gen_204?id=av-js&type=colleague-executed&name=4
[fastdl]   204 https://pagead2.googlesyndication.com/pagead/gen_204?id=av-js&type=fle-fetch-start2
[fastdl]   200 https://googleads.g.doubleclick.net/btr/view?ai=Cy7fKxuFzasSxNYadkPIP15n00QHfipzsiAHvoLnu7hXfrsDdnQ4QASCswu2gAWDJ3viGyKP
[fastdl]   204 https://pagead2.googlesyndication.com/pagead/gen_204?id=av-js&type=fle-fetch-start2
[fastdl]   204 https://pagead2.googlesyndication.com/pagead/gen_204?id=av-js&type=fle-fetch-start2
[fastdl]   204 https://pagead2.googlesyndication.com/pagead/gen_204?id=av-js&type=colleague-executed&name=4
[fastdl]   204 https://pagead2.googlesyndication.com/pagead/gen_204?id=av-js&type=colleague-executed&name=4
[fastdl]   204 https://pagead2.googlesyndication.com/pagead/gen_204?id=av-js&type=colleague-executed&name=4
[fastdl]   204 https://fundingchoicesmessages.google.com/el/AGSKWxU3KG3arKy51LRpUwescqGxk5URRl5ayqamOMmmOgb77-2_aNBa2zWE6zFyvdcTiLQ_u49
[fastdl]   200 https://tpc.googlesyndication.com/daca_images/simgad/10714512910025330017
[fastdl]   200 https://www.googleadservices.com/pagead/managed/js/activeview/current/reach_worklet.html
[fastdl]   200 https://www.googleadservices.com/pagead/managed/js/activeview/current/reach_worklet.html
[fastdl]   200 https://www.googleadservices.com/pagead/managed/js/activeview/current/reach_worklet.html
[fastdl]   204 https://g.bidbrain.app/rtimp?a=imp&cr=ext_download_shellaelane__wide5&d=fastdl.app&gid=&im=4DSHY_Kry67yHv0MdLgrjDi9s8mL9
[fastdl]   204 https://g.bidbrain.app/rtimp
[fastdl]   204 https://g.bidbrain.app/rtimp
[fastdl]   204 https://g.bidbrain.app/rtimp
[fastdl]   204 https://g.bidbrain.app/rtimp
[fastdl]   200 https://cdn.bidbrain.app/ext/ShellaeLane_1780820343.svg+xml
[fastdl]   200 https://cdn.bidbrain.app/Mixitype_1783240572.svg+xml
[fastdl]   200 https://fundingchoicesmessages.google.com/f/AGSKWxWf_RAIQnf4ztbP3RVDKD1LPyQR6d2N6dxL_faImgnDrBe6mZyuMiR30fXWDxxPnn7CzhQ0
[fastdl]   200 https://cdn.bidbrain.app/Mixitype_1783240572.svg+xml
[fastdl]   204 https://g.bidbrain.app/rtimp
[fastdl]   204 https://g.bidbrain.app/rtimp
[fastdl]   204 https://g.bidbrain.app/rtimp
[fastdl]   204 https://g.bidbrain.app/rtimp
[fastdl]   204 https://g.bidbrain.app/rtimp
[fastdl]   204 https://pagead2.googlesyndication.com/pagead/gen_204?id=av-js&type=reach&proto=CAIgATpBbW9kZWxfcGVyc29uX2NvdW50cnlfY29kZ
[fastdl]   200 https://www.google.com/pagead/drt/ui
[fastdl]   204 https://pagead2.googlesyndication.com/pagead/gen_204?id=av-js&type=reach&proto=CAIgATpBbW9kZWxfcGVyc29uX2NvdW50cnlfY29kZ
[fastdl]   200 https://googleads.g.doubleclick.net/btr/view?ai=CPq-uxuFzasHHNfXokPIPme6k8A7lp-rjiAH8iNO-mBbX1qK9wAEQASCswu2gAWDJ3viGyKP
[fastdl]   200 https://pagead2.googlesyndication.com/pcs/activeview?xai=AKAOjsswzaCadagYDdluslMFFm_fBPAjNQNJgHDXu-dAA8Qo9p9kIzb87pbnU5k
[fastdl]   200 https://g.bidbrain.app/rtimp
[fastdl]   204 https://pagead2.googlesyndication.com/pagead/gen_204?id=av-js&type=reach&proto=CAlgAWACYANgBGgD
[fastdl]   204 https://pagead2.googlesyndication.com/pagead/gen_204?id=av-js&type=colleague-executed&name=1
[fastdl]   204 https://pagead2.googlesyndication.com/pagead/gen_204?id=av-js&type=reach&proto=CAESDk9wZXJhdGlvbkVycm9yGpgBc2hhcmVkU3Rvc
[fastdl]   204 https://pagead2.googlesyndication.com/pagead/gen_204?id=av-js&type=colleague-executed&name=1
[fastdl]   200 https://www.googleadservices.com/.well-known/private-aggregation/report-shared-storage
[fastdl]   200 https://www.googleadservices.com/.well-known/private-aggregation/report-shared-storage
[fastdl]   200 https://www.googleadservices.com/.well-known/private-aggregation/report-shared-storage
[fastdl]   200 https://www.googleadservices.com/.well-known/private-aggregation/report-shared-storage
[fastdl]   200 https://www.googleadservices.com/.well-known/private-aggregation/report-shared-storage
[fastdl]   204 https://pagead2.googlesyndication.com/pagead/gen_204?id=av-js&type=reach&proto=CAlgAWACYANgBGgD
[fastdl]   200 https://www.googleadservices.com/.well-known/private-aggregation/report-shared-storage
[fastdl]   204 https://pagead2.googlesyndication.com/pagead/gen_204?id=av-js&type=reach&proto=CAlgAWACYANgBGgD
[fastdl]   204 https://pagead2.googlesyndication.com/pagead/gen_204?id=av-js&type=reach&proto=CAESDk9wZXJhdGlvbkVycm9yGpgBc2hhcmVkU3Rvc
[fastdl]   204 https://pagead2.googlesyndication.com/pagead/gen_204?id=av-js&type=colleague-executed&name=1
[fastdl]   204 https://pagead2.googlesyndication.com/pagead/gen_204?id=av-js&type=reach&proto=CAESDk9wZXJhdGlvbkVycm9yGpgBc2hhcmVkU3Rvc
[fastdl]   204 https://fundingchoicesmessages.google.com/el/AGSKWxUbOs5zD2co01g5yRsWyVeeziqQvO7pkQiT73l2zsDzCmibjOJf-1PRQRYx6ieu4-gLTUv
[fastdl]   200 https://fundingchoicesmessages.google.com/f/AGSKWxVxAY2xTWVJzBESF1Mu0eH02Zfk14DIGeXCmVPOl0amcE6Min7IXsEHGQKkfMYPFlSbmu2Z
[fastdl]   204 https://g.bidbrain.app/rtimp
[fastdl]   204 https://g.bidbrain.app/rtimp
[fastdl]   204 https://g.bidbrain.app/rtimp
[fastdl]   200 https://www.googletagservices.com/agrp/prod/model_person_country_code_US_person_region_code_43415f383235.json
[fastdl]   200 https://www.googletagservices.com/agrp/prod/model_person_country_code_US_person_region_code_43415f383235.json
[fastdl]   200 https://pagead2.googlesyndication.com/pcs/activeview?xai=AKAOjsv3HfzJo4AebW8JJSJ3E7dGj-Bu0L9zUnuRu8LUvtS4SNdIg-uAXTXtnf5
[fastdl]   204 https://fundingchoicesmessages.google.com/el/AGSKWxUbOs5zD2co01g5yRsWyVeeziqQvO7pkQiT73l2zsDzCmibjOJf-1PRQRYx6ieu4-gLTUv
[fastdl]   204 https://g4.bidbrain.app/rtimp?sid=41e62be8-9135-11f1-abe0-86fac69a04ae&d=fastdl.app&cr=ext_download_q_mixitype__twr&gid=
[fastdl]   200 https://www.googleadservices.com/.well-known/private-aggregation/report-shared-storage
[fastdl]   200 https://www.googleadservices.com/.well-known/private-aggregation/report-shared-storage
[fastdl]   200 https://www.googleadservices.com/.well-known/private-aggregation/report-shared-storage
[fastdl]   204 https://pagead2.googlesyndication.com/pagead/gen_204?id=av-js&type=colleague-executed&name=1
[fastdl]   204 https://pagead2.googlesyndication.com/pagead/gen_204?id=av-js&type=reach&proto=CAESDk9wZXJhdGlvbkVycm9yGpgBc2hhcmVkU3Rvc
[fastdl]   200 https://www.googleadservices.com/.well-known/private-aggregation/report-shared-storage
[fastdl]   204 https://pagead2.googlesyndication.com/pagead/gen_204?id=av-js&type=reach&proto=CAlgAWACYANgBGgD
[fastdl]   200 https://www.googleadservices.com/.well-known/private-aggregation/report-shared-storage
[fastdl]   200 https://www.googleadservices.com/.well-known/private-aggregation/report-shared-storage
[fastdl]   204 https://g6.bidbrain.app/rtimp?sid=41e62be8-9135-11f1-abe0-86fac69a04ae&d=fastdl.app&cr=ext_download_q_mixitype__twr&gid=
[fastdl]   204 https://g6.bidbrain.app/rtimp?sid=41e6c71e-9135-11f1-a16d-0e17d6a74391&d=fastdl.app&cr=ext_download_q_mixitype__wide1&gi
[fastdl]   204 https://g4.bidbrain.app/rtimp?sid=41e6c71e-9135-11f1-a16d-0e17d6a74391&d=fastdl.app&cr=ext_download_q_mixitype__wide1&gi
[fastdl]   204 https://g4.bidbrain.app/rtimp?sid=41fc980a-9135-11f1-a1d9-36a6b9037894&d=fastdl.app&cr=ext_download_shellaelane__wide5&g
[fastdl]   204 https://g6.bidbrain.app/rtimp?sid=41fc980a-9135-11f1-a1d9-36a6b9037894&d=fastdl.app&cr=ext_download_shellaelane__wide5&g
[fastdl]   200 https://www.googletagservices.com/agrp/prod/model_person_country_code_US_person_region_code_43415f383235.json
[fastdl]   200 https://www.googletagservices.com/agrp/prod/model_person_country_code_US_person_region_code_43415f383235.json
[fastdl]   204 https://fundingchoicesmessages.google.com/el/AGSKWxUbOs5zD2co01g5yRsWyVeeziqQvO7pkQiT73l2zsDzCmibjOJf-1PRQRYx6ieu4-gLTUv
[fastdl]   204 https://fundingchoicesmessages.google.com/el/AGSKWxUbOs5zD2co01g5yRsWyVeeziqQvO7pkQiT73l2zsDzCmibjOJf-1PRQRYx6ieu4-gLTUv
[fastdl]   204 https://pagead2.googlesyndication.com/pagead/gen_204?id=av-js&type=reach&proto=CAIgATpBbW9kZWxfcGVyc29uX2NvdW50cnlfY29kZ
[fastdl]   200 https://fundingchoicesmessages.google.com/f/AGSKWxV3XNtuZ_j7fpMV8gLfvXkW5ukyDTeyIFUUx7LRqX98dy93K1JB7lqwZdrNnsRfNCXNy3D1
[fastdl]   204 https://pagead2.googlesyndication.com/pagead/gen_204?id=av-js&type=reach&proto=CAIgATpBbW9kZWxfcGVyc29uX2NvdW50cnlfY29kZ
[fastdl]   204 https://pagead2.googlesyndication.com/pagead/gen_204?id=av-js&type=reach&proto=CAIgATpBbW9kZWxfcGVyc29uX2NvdW50cnlfY29kZ
[fastdl]   204 https://pagead2.googlesyndication.com/pagead/gen_204?id=av-js&type=reach&proto=CAIgATpBbW9kZWxfcGVyc29uX2NvdW50cnlfY29kZ
[fastdl]   204 https://fastdl.app/cdn-cgi/rum?
[fastdl]   204 https://fundingchoicesmessages.google.com/el/AGSKWxXUXctUcCH64GZtZHYz7a0KpOVrwyK0xAty9oLl_9glHfZIqK7NgEwV95p9GoSeaDT-HTZ
[fastdl]   204 https://fundingchoicesmessages.google.com/el/AGSKWxUbOs5zD2co01g5yRsWyVeeziqQvO7pkQiT73l2zsDzCmibjOJf-1PRQRYx6ieu4-gLTUv
[fastdl]   200 https://ep1.adtrafficquality.google/getconfig/sodar?sv=200&tid=gda&tv=r20260804&st=env&sjk=8102047137896280
[fastdl]   200 https://ep2.adtrafficquality.google/sodar/sodar2/255/runner.html
[fastdl]   200 https://www.google.com/recaptcha/api2/aframe
[fastdl]   204 https://pagead2.googlesyndication.com/pagead/sodar?id=sodar2&v=255&li=gda_r20260804&jk=8102047137896280&rc=
[fastdl]   204 https://ep2.adtrafficquality.google/generate_204?OftQ3w
[fastdl]   204 https://ep1.adtrafficquality.google/pagead/sodar?id=sodar2&v=255&t=2&li=gda_r20260804&jk=8102047137896280&bg=!PD-lP13NAA
[fastdl]   204 https://pagead2.googlesyndication.com/pagead/ping?e=1
[fastdl]   204 https://fastdl.app/cdn-cgi/rum?
[fastdl]   200 https://googleads.g.doubleclick.net/pagead/adview?ai=CSdsSxuFzasDHNfXokPIPme6k8A69qs_Ndemi3NbEEsCNtwEQASCswu2gAWDJ3viGyK
[fastdl]   204 https://g.bidbrain.app/rtimp
[fastdl]   204 https://g.bidbrain.app/rtimp
[fastdl]   204 https://g.bidbrain.app/rtimp?a=imp&cr=ext_download_q_mixitype__wide1&d=fastdl.app&gid=&im=uEnyiQizgTLSH28TpcpAPxMN-WWQNM
[fastdl]   200 https://pagead2.googlesyndication.com/pcs/activeview?xai=AKAOjsvrlt6PCoe0YgdThjssecZPaTJ8dqXG7aqgQ-Z5zvi_blz5pw1ySsvWda2
[fastdl]   204 https://g.bidbrain.app/rtimp
