Step 1: Face swap ($0.025)...
Task: bb459d68213942f4a77cf6d83253d4e8
  [processing]
  [processing]
  [processing]
  [completed]
Swapped frame: https://d2p7pge43lyniu.cloudfront.net/output/440fe172-d45f-4ace-b66f-d16f5b0cba5a-u2_b0b08c68-6d09-4039-875c-c4b6ccb495e4.jpeg
Saved: C:\Users\pheno\Downloads\wavespeed-batch-api\outputs\spicy_video\faceswap_frame.jpg

Step 2: Animate spicy video ($0.30)...
Task: 037c1d7773ba4772b2920ef22602db3c
  [processing]
  [processing]
  [processing]
  [processing]
  [processing]
  [processing]
  [processing]
  [processing]
  [processing]
  [processing]
  [processing]
  [processing]
  [processing]
  [processing]
  [processing]
  [processing]
  [processing]
  [processing]
  [processing]
  [completed]
Video: https://d2p7pge43lyniu.cloudfront.net/output/0616c2f6-73bf-46c5-8b3f-42d6dd43b6a3-u2_2f423e30-fa2b-4bfd-9618-9da9aca298c3.mp4
Saved: C:\Users\pheno\Downloads\wavespeed-batch-api\outputs\spicy_video\blacks_beach_faceswap.mp4

All done.
