Submitting to GPT Image 2 — high quality, 2K ($0.44)...
Task ID: 648e572fe4bb47dfa66d3568a46b3c2d — polling...
  [processing]
  [processing]
  [processing]
  [processing]
  [processing]
  [processing]
  [processing]
  [processing]
  [processing]
  [processing]
  [processing]
  [processing]
  [processing]
  [processing]
  [processing]
  [processing]
  [processing]
  [processing]
  [processing]
  [processing]
  [failed]
FAILED: Content flagged as potentially sensitive. Please try different prompts or images.
